// Jest Snapshot v1, https://goo.gl/fbAQLP

exports[`<TrackCard /> tests should render and match the snapshot 1`] = `
<body>
  <div>
    <article
      class="TrackCard__StyledTrackItem-sc-10bk196-0 fmQKzS"
      data-testid="track-card"
    >
      <div
        class="ant-card ant-card-bordered TrackCard__StyledTrackCard-sc-10bk196-1 kUSZcD"
      >
        <div
          class="ant-card-body"
        >
          <div
            class="TrackCard__StyledImageContainer-sc-10bk196-2 bonBbJ"
          >
            <div
              animate="false"
              class="ant-image"
              data-testid="track-image"
              style="width: 100%; height: 100%;"
            >
              <img
                class="ant-image-img TrackCard__StyledImage-sc-10bk196-3 iDThZz"
                src=""
                style="height: 100%;"
              />
            </div>
            <button
              class="ant-btn ant-btn-primary ant-btn-circle ant-btn-icon-only TrackCard__PlayPauseButton-sc-10bk196-4 hULbdm"
              data-testid="play-pause-btn"
              type="button"
            >
              <span
                aria-label="play-circle"
                class="anticon anticon-play-circle"
                role="img"
              >
                <svg
                  aria-hidden="true"
                  data-icon="play-circle"
                  fill="currentColor"
                  focusable="false"
                  height="1em"
                  viewBox="64 64 896 896"
                  width="1em"
                >
                  <path
                    d="M512 64C264.6 64 64 264.6 64 512s200.6 448 448 448 448-200.6 448-448S759.4 64 512 64zm144.1 454.9L437.7 677.8a8.02 8.02 0 01-12.7-6.5V353.7a8 8 0 0112.7-6.5L656.1 506a7.9 7.9 0 010 12.9z"
                  />
                </svg>
              </span>
            </button>
            <audio
              class="TrackCard__StyledAudio-sc-10bk196-11 gNFhFl"
              data-testid="audio-track"
              preload="none"
            />
          </div>
          <a
            class="TrackCard__StyledLink-sc-10bk196-6 gfOyIk"
            href="/tracks/undefined"
          >
            <div
              class="TrackCard__TrackInfoContainer-sc-10bk196-5 bVzCZI"
            >
              <p
                class="T__StyledText-gjlic1-0 kYcyRq"
                data-testid="track_name_unavailable"
              >
                Track name is unavailable
              </p>
              <p
                class="T__StyledText-gjlic1-0 kYcyRq"
                data-testid="collection_name_unavailable"
              >
                Collection name is unavailable
              </p>
              <p
                class="T__StyledText-gjlic1-0 kYcyRq"
                data-testid="track_price_unavailable"
              >
                Track price is unavailable
              </p>
              <p
                class="T__StyledText-gjlic1-0 kYcyRq"
                data-testid="track_genre_unavailable"
              >
                Track Genere is unavailable
              </p>
            </div>
          </a>
        </div>
      </div>
    </article>
  </div>
</body>
`;
