// Jest Snapshot v1, https://goo.gl/fbAQLP

exports[`<TrackCard /> tests should render and match the snapshot 1`] = `
<body>
  <div>
    <article
      class="TrackCard__StyledTrackItem-sc-10bk196-0 fmQKzS"
      data-testid="track-card"
    >
      <div
        class="ant-card ant-card-bordered TrackCard__StyledTrackCard-sc-10bk196-1 wiOID"
      >
        <div
          class="ant-card-body"
        >
          <div
            class="TrackCard__StyledImageContainer-sc-10bk196-2 bonBbJ"
          >
            <div
              animate="false"
              class="ant-image"
              data-testid="track-image"
              style="width: 100%; height: 100%;"
            >
              <img
                class="ant-image-img TrackCard__StyledImage-sc-10bk196-3 iDThZz"
                src=""
                style="height: 100%;"
              />
            </div>
          </div>
          <div
            class="TrackCard__TrackInfoContainer-sc-10bk196-5 gOyiNc"
          >
            <p
              class="T__StyledText-gjlic1-0 jbStwN TrackCard__TrackName-sc-10bk196-7 kYdkoW"
              data-testid="track_name_unavailable"
            >
              Track name is unavailable
            </p>
            <p
              class="T__StyledText-gjlic1-0 jbStwN TrackCard__TrackCollectionName-sc-10bk196-8 DicOb"
              data-testid="collection_name_unavailable"
            >
              Collection name is unavailable
            </p>
            <p
              class="T__StyledText-gjlic1-0 jbStwN TrackCard__TrackPrice-sc-10bk196-9 ruSDw"
              data-testid="track_price_unavailable"
            >
              Track price is unavailable
            </p>
            <p
              class="T__StyledText-gjlic1-0 jbStwN"
              data-testid="track_genre_unavailable"
            >
              Track Genere is unavailable
            </p>
          </div>
        </div>
      </div>
    </article>
  </div>
</body>
`;
